// Jest Snapshot v1, https://goo.gl/fbAQLP

exports[`Navigation component renders Navigation component correctly 1`] = `null`;

exports[`Navigation component renders correctly 1`] = `null`;
